2026-09-29 19:13:17 | [INFO   ] | Приложение запущено
2026-09-29 19:13:17 | [INFO   ] | Успешный запрос: стороны A=10.0, B=10.0, C=10.0, тип='равносторонний', координаты=[(0, 0), (10, 0), (5, 9)]
2026-09-29 19:13:17 | [INFO   ] | Успешный запрос: стороны A=3.0, B=4.0, C=5.0, тип='разносторонний', координаты=[(0, 0), (5, 0), (2, 2)]
2026-09-29 19:13:17 | [INFO   ] | Успешный запрос: стороны A=5.0, B=8.0, C=5.0, тип='равнобедренный', координаты=[(0, 0), (5, 0), (-1, 5)]
2026-09-29 19:13:17 | [ERROR  ] | Невалидные данные: A='5', B='abc', C='5'
2026-09-29 19:13:17 | [WARNING] | Нарушено неравенство треугольника: A=1.0, B=1.0, C=3.0
2026-09-29 19:13:17 | [WARNING] | Стороны должны быть положительными: A=-5.0, B=5.0, C=5.0
2026-09-30 08:59:30 | [INFO   ] | Приложение запущено
2026-09-30 08:59:30 | [INFO   ] | Успешный запрос: стороны A=10.0, B=10.0, C=10.0, тип='равносторонний', координаты=[(0, 0), (10, 0), (5, 9)]
2026-09-30 08:59:30 | [INFO   ] | Успешный запрос: стороны A=3.0, B=4.0, C=5.0, тип='разносторонний', координаты=[(0, 0), (5, 0), (2, 2)]
2026-09-30 08:59:30 | [INFO   ] | Успешный запрос: стороны A=5.0, B=8.0, C=5.0, тип='равнобедренный', координаты=[(0, 0), (5, 0), (-1, 5)]
2026-09-30 08:59:30 | [ERROR  ] | Невалидные данные: A='5', B='abc', C='5'
2026-09-30 08:59:30 | [WARNING] | Нарушено неравенство треугольника: A=1.0, B=1.0, C=3.0
2026-09-30 08:59:30 | [WARNING] | Стороны должны быть положительными: A=-5.0, B=5.0, C=5.0
2026-09-30 09:12:11 | [INFO   ] | Приложение запущено
2026-09-30 09:12:11 | [INFO   ] | Успешный запрос: стороны A=10.0, B=10.0, C=10.0, тип='равносторонний', координаты=[(0, 0), (10, 0), (5, 9)]
2026-09-30 09:12:11 | [INFO   ] | Успешный запрос: стороны A=3.0, B=4.0, C=5.0, тип='разносторонний', координаты=[(0, 0), (5, 0), (2, 2)]
2026-09-30 09:12:11 | [INFO   ] | Успешный запрос: стороны A=5.0, B=8.0, C=5.0, тип='равнобедренный', координаты=[(0, 0), (5, 0), (-1, 5)]
2026-09-30 09:12:11 | [ERROR  ] | Невалидные данные: A='5', B='abc', C='5'
2026-09-30 09:12:11 | [WARNING] | Нарушено неравенство треугольника: A=1.0, B=1.0, C=3.0
2026-09-30 09:12:11 | [WARNING] | Стороны должны быть положительными: A=-5.0, B=5.0, C=5.0
2026-09-30 09:17:56 | [INFO   ] | Приложение запущено
2026-09-30 09:17:56 | [INFO   ] | Успешный запрос: стороны A=10.0, B=10.0, C=10.0, тип='равносторонний', координаты=[(0, 0), (10, 0), (5, 9)]
2026-09-30 09:17:56 | [INFO   ] | Успешный запрос: стороны A=3.0, B=4.0, C=5.0, тип='разносторонний', координаты=[(0, 0), (5, 0), (2, 2)]
2026-09-30 09:17:56 | [INFO   ] | Успешный запрос: стороны A=5.0, B=8.0, C=5.0, тип='равнобедренный', координаты=[(0, 0), (5, 0), (-1, 5)]
2026-09-30 09:17:56 | [ERROR  ] | Невалидные данные: A='5', B='abc', C='5'
2026-09-30 09:17:56 | [WARNING] | Нарушено неравенство треугольника: A=1.0, B=1.0, C=3.0
2026-09-30 09:17:56 | [WARNING] | Стороны должны быть положительными: A=-5.0, B=5.0, C=5.0
2026-09-30 09:18:27 | [INFO   ] | Приложение запущено
2026-09-30 09:18:27 | [INFO   ] | Успешный запрос: стороны A=10.0, B=10.0, C=10.0, тип='равносторонний', координаты=[(0, 0), (10, 0), (5, 9)]
2026-09-30 09:18:27 | [INFO   ] | Успешный запрос: стороны A=3.0, B=4.0, C=5.0, тип='разносторонний', координаты=[(0, 0), (5, 0), (2, 2)]
2026-09-30 09:18:27 | [INFO   ] | Успешный запрос: стороны A=5.0, B=8.0, C=5.0, тип='равнобедренный', координаты=[(0, 0), (5, 0), (-1, 5)]
2026-09-30 09:18:27 | [ERROR  ] | Невалидные данные: A='5', B='abc', C='5'
2026-09-30 09:18:27 | [WARNING] | Нарушено неравенство треугольника: A=1.0, B=1.0, C=3.0
2026-09-30 09:18:27 | [WARNING] | Стороны должны быть положительными: A=-5.0, B=5.0, C=5.0
2026-09-30 09:18:29 | [INFO   ] | Завершение работы по команде
2026-09-30 09:18:36 | [INFO   ] | Приложение запущено
2026-09-30 09:18:36 | [INFO   ] | Успешный запрос: стороны A=10.0, B=10.0, C=10.0, тип='равносторонний', координаты=[(0, 0), (10, 0), (5, 9)]
2026-09-30 09:18:36 | [INFO   ] | Успешный запрос: стороны A=3.0, B=4.0, C=5.0, тип='разносторонний', координаты=[(0, 0), (5, 0), (2, 2)]
2026-09-30 09:18:36 | [INFO   ] | Успешный запрос: стороны A=5.0, B=8.0, C=5.0, тип='равнобедренный', координаты=[(0, 0), (5, 0), (-1, 5)]
2026-09-30 09:18:36 | [ERROR  ] | Невалидные данные: A='5', B='abc', C='5'
2026-09-30 09:18:36 | [WARNING] | Нарушено неравенство треугольника: A=1.0, B=1.0, C=3.0
2026-09-30 09:18:36 | [WARNING] | Стороны должны быть положительными: A=-5.0, B=5.0, C=5.0
2026-09-30 09:18:38 | [INFO   ] | Завершение работы по команде
2026-09-30 09:19:29 | [INFO   ] | Приложение запущено
2026-09-30 09:19:29 | [INFO   ] | Успешный запрос: стороны A=10.0, B=10.0, C=10.0, тип='равносторонний', координаты=[(0, 0), (10, 0), (5, 9)]
2026-09-30 09:19:29 | [INFO   ] | Успешный запрос: стороны A=3.0, B=4.0, C=5.0, тип='разносторонний', координаты=[(0, 0), (5, 0), (2, 2)]
2026-09-30 09:19:29 | [INFO   ] | Успешный запрос: стороны A=5.0, B=8.0, C=5.0, тип='равнобедренный', координаты=[(0, 0), (5, 0), (-1, 5)]
2026-09-30 09:19:29 | [ERROR  ] | Невалидные данные: A='5', B='abc', C='5'
2026-09-30 09:19:29 | [WARNING] | Нарушено неравенство треугольника: A=1.0, B=1.0, C=3.0
2026-09-30 09:19:29 | [WARNING] | Стороны должны быть положительными: A=-5.0, B=5.0, C=5.0
2026-09-30 09:19:41 | [INFO   ] | Успешный запрос: стороны A=10.0, B=10.0, C=10.0, тип='равносторонний', координаты=[(0, 0), (10, 0), (5, 9)]
2026-09-30 09:23:27 | [INFO   ] | Приложение запущено
2026-09-30 09:23:27 | [INFO   ] | Успешный запрос: стороны A=10.0, B=10.0, C=10.0, тип='равносторонний', координаты=[(0, 0), (10, 0), (5, 9)]
2026-09-30 09:23:27 | [INFO   ] | Успешный запрос: стороны A=3.0, B=4.0, C=5.0, тип='разносторонний', координаты=[(0, 0), (5, 0), (2, 2)]
2026-09-30 09:23:27 | [INFO   ] | Успешный запрос: стороны A=5.0, B=8.0, C=5.0, тип='равнобедренный', координаты=[(0, 0), (5, 0), (-1, 5)]
2026-09-30 09:23:27 | [ERROR  ] | Невалидные данные: A='5', B='abc', C='5'
2026-09-30 09:23:27 | [WARNING] | Нарушено неравенство треугольника: A=1.0, B=1.0, C=3.0
2026-09-30 09:23:27 | [WARNING] | Стороны должны быть положительными: A=-5.0, B=5.0, C=5.0
2026-09-30 09:23:35 | [INFO   ] | Успешный запрос: стороны A=10.0, B=10.0, C=10.0, тип='равносторонний', координаты=[(0, 0), (10, 0), (5, 9)]
2026-09-30 09:23:42 | [INFO   ] | Успешный запрос: стороны A=6.0, B=7.0, C=10.0, тип='разносторонний', координаты=[(0, 0), (10, 0), (4, 4)]
2026-09-30 09:23:51 | [INFO   ] | Успешный запрос: стороны A=5.0, B=5.0, C=1.0, тип='равнобедренный', координаты=[(0, 0), (1, 0), (0, 5)]
2026-09-30 09:24:00 | [WARNING] | Нарушено неравенство треугольника: A=3.0, B=1.0, C=1.0
2026-09-30 09:24:50 | [INFO   ] | Приложение запущено
2026-09-30 09:24:50 | [INFO   ] | Успешный запрос: стороны A=10.0, B=10.0, C=10.0, тип='равносторонний', координаты=[(0, 0), (10, 0), (5, 9)]
2026-09-30 09:24:50 | [INFO   ] | Успешный запрос: стороны A=3.0, B=4.0, C=5.0, тип='разносторонний', координаты=[(0, 0), (5, 0), (2, 2)]
2026-09-30 09:24:50 | [INFO   ] | Успешный запрос: стороны A=5.0, B=8.0, C=5.0, тип='равнобедренный', координаты=[(0, 0), (5, 0), (-1, 5)]
2026-09-30 09:24:50 | [ERROR  ] | Невалидные данные: A='5', B='abc', C='5'
2026-09-30 09:24:50 | [WARNING] | Нарушено неравенство треугольника: A=1.0, B=1.0, C=3.0
2026-09-30 09:24:50 | [WARNING] | Стороны должны быть положительными: A=-5.0, B=5.0, C=5.0
2026-09-30 09:24:58 | [WARNING] | Нарушено неравенство треугольника: A=3.0, B=1.0, C=1.0
2026-09-30 09:25:14 | [INFO   ] | Успешный запрос: стороны A=10.0, B=10.0, C=10.0, тип='равносторонний', координаты=[(0, 0), (10, 0), (5, 9)]
2026-09-30 09:26:40 | [INFO   ] | Приложение запущено
2026-09-30 09:26:40 | [INFO   ] | Успешный запрос: стороны A=10.0, B=10.0, C=10.0, тип='равносторонний', координаты=[(0, 0), (10, 0), (5, 9)]
2026-09-30 09:26:40 | [INFO   ] | Успешный запрос: стороны A=3.0, B=4.0, C=5.0, тип='разносторонний', координаты=[(0, 0), (5, 0), (2, 2)]
2026-09-30 09:26:40 | [INFO   ] | Успешный запрос: стороны A=5.0, B=8.0, C=5.0, тип='равнобедренный', координаты=[(0, 0), (5, 0), (-1, 5)]
2026-09-30 09:26:40 | [ERROR  ] | Невалидные данные: A='5', B='abc', C='5'
2026-09-30 09:26:40 | [WARNING] | Нарушено неравенство треугольника: A=1.0, B=1.0, C=3.0
2026-09-30 09:26:40 | [WARNING] | Стороны должны быть положительными: A=-5.0, B=5.0, C=5.0
2026-09-30 09:26:45 | [WARNING] | Нарушено неравенство треугольника: A=3.0, B=1.0, C=1.0
2026-09-30 09:27:31 | [INFO   ] | Приложение запущено
2026-09-30 09:27:31 | [INFO   ] | Успешный запрос: стороны A=10.0, B=10.0, C=10.0, тип='равносторонний', координаты=[(0, 0), (10, 0), (5, 9)]
2026-09-30 09:27:31 | [INFO   ] | Успешный запрос: стороны A=3.0, B=4.0, C=5.0, тип='разносторонний', координаты=[(0, 0), (5, 0), (2, 2)]
2026-09-30 09:27:31 | [INFO   ] | Успешный запрос: стороны A=5.0, B=8.0, C=5.0, тип='равнобедренный', координаты=[(0, 0), (5, 0), (-1, 5)]
2026-09-30 09:27:31 | [ERROR  ] | Невалидные данные: A='5', B='abc', C='5'
2026-09-30 09:27:31 | [WARNING] | Нарушено неравенство треугольника: A=1.0, B=1.0, C=3.0
2026-09-30 09:27:31 | [WARNING] | Стороны должны быть положительными: A=-5.0, B=5.0, C=5.0
2026-09-30 09:27:35 | [WARNING] | Нарушено неравенство треугольника: A=1.0, B=1.0, C=5.0
2026-09-30 09:31:20 | [INFO   ] | Приложение запущено
2026-09-30 09:31:20 | [INFO   ] | Успешный запрос: стороны A=10.0, B=10.0, C=10.0, тип='равносторонний', координаты=[(0, 0), (10, 0), (5, 9)]
2026-09-30 09:31:20 | [INFO   ] | Успешный запрос: стороны A=3.0, B=4.0, C=5.0, тип='разносторонний', координаты=[(0, 0), (5, 0), (2, 2)]
2026-09-30 09:31:20 | [INFO   ] | Успешный запрос: стороны A=5.0, B=8.0, C=5.0, тип='равнобедренный', координаты=[(0, 0), (5, 0), (-1, 5)]
2026-09-30 09:31:20 | [ERROR  ] | Невалидные данные: A='5', B='abc', C='5'
2026-09-30 09:31:20 | [WARNING] | Нарушено неравенство треугольника: A=1.0, B=1.0, C=3.0
2026-09-30 09:31:20 | [WARNING] | Стороны должны быть положительными: A=-5.0, B=5.0, C=5.0
2026-09-30 09:31:40 | [INFO   ] | Успешный запрос: стороны A=10.0, B=10.0, C=10.0, тип='равносторонний', координаты=[(0, 0), (10, 0), (5, 9)]
2026-09-30 09:31:46 | [INFO   ] | Успешный запрос: стороны A=5.0, B=5.0, C=2.0, тип='равнобедренный', координаты=[(0, 0), (2, 0), (1, 5)]
2026-09-30 09:31:52 | [WARNING] | Нарушено неравенство треугольника: A=1.0, B=1.0, C=6.0
2026-09-30 09:32:01 | [ERROR  ] | Невалидные данные: A='f', B='d', C='s'
2026-09-30 09:32:10 | [INFO   ] | Успешный запрос: стороны A=0.1, B=0.2, C=0.3, тип='разносторонний', координаты=[(0, 0), (0, 0), (0, 0)]
2026-09-30 09:35:11 | [INFO   ] | Приложение запущено
2026-09-30 09:35:11 | [INFO   ] | Успешный запрос: стороны A=10, B=10, C=10, тип='равносторонний', координаты=[(0, 0), (10, 0), (5, 9)]
2026-09-30 09:35:11 | [INFO   ] | Успешный запрос: стороны A=3, B=4, C=5, тип='разносторонний', координаты=[(0, 0), (5, 0), (2, 2)]
2026-09-30 09:35:11 | [INFO   ] | Успешный запрос: стороны A=5, B=8, C=5, тип='равнобедренный', координаты=[(0, 0), (5, 0), (-1, 5)]
2026-09-30 09:35:11 | [ERROR  ] | Невалидные данные: A='5', B='abc', C='5'
2026-09-30 09:35:11 | [WARNING] | Нарушено неравенство треугольника: A=1, B=1, C=3
2026-09-30 09:35:11 | [WARNING] | Стороны должны быть положительными: A=-5, B=5, C=5
2026-09-30 09:35:17 | [WARNING] | Стороны должны быть положительными: A=0, B=0, C=0
2026-09-30 09:37:09 | [WARNING] | Стороны должны быть положительными: A=0, B=0, C=1
2026-09-30 09:39:34 | [INFO   ] | Приложение запущено
2026-09-30 09:39:34 | [INFO   ] | Успешный запрос: стороны A=10.0, B=10.0, C=10.0, тип='равносторонний', координаты=[(0, 0), (10, 0), (5, 9)]
2026-09-30 09:39:34 | [INFO   ] | Успешный запрос: стороны A=3.0, B=4.0, C=5.0, тип='разносторонний', координаты=[(0, 0), (5, 0), (2, 2)]
2026-09-30 09:39:34 | [INFO   ] | Успешный запрос: стороны A=5.0, B=8.0, C=5.0, тип='равнобедренный', координаты=[(0, 0), (5, 0), (-1, 5)]
2026-09-30 09:39:34 | [ERROR  ] | Невалидные данные: A='5', B='abc', C='5'
2026-09-30 09:39:34 | [WARNING] | Нарушено неравенство треугольника: A=1.0, B=1.0, C=3.0
2026-09-30 09:39:34 | [WARNING] | Стороны должны быть положительными: A=-5.0, B=5.0, C=5.0
2026-09-30 09:39:43 | [WARNING] | Нарушено неравенство треугольника: A=0.1, B=0.2, C=0.3
2026-09-30 09:40:08 | [WARNING] | Нарушено неравенство треугольника: A=0.3, B=0.1, C=0.1
2026-09-30 09:43:19 | [INFO   ] | Приложение запущено
2026-09-30 09:43:19 | [INFO   ] | Успешный запрос: стороны A=10.0, B=10.0, C=10.0, тип='равносторонний', координаты=[(0, 0), (10, 0), (5, 9)]
2026-09-30 09:43:19 | [INFO   ] | Успешный запрос: стороны A=3.0, B=4.0, C=5.0, тип='разносторонний', координаты=[(0, 0), (5, 0), (2, 2)]
2026-09-30 09:43:19 | [INFO   ] | Успешный запрос: стороны A=5.0, B=8.0, C=5.0, тип='равнобедренный', координаты=[(0, 0), (5, 0), (-1, 5)]
2026-09-30 09:43:19 | [ERROR  ] | Невалидные данные: A='5', B='abc', C='5'
2026-09-30 09:43:19 | [WARNING] | Нарушено неравенство треугольника: A=1.0, B=1.0, C=3.0
2026-09-30 09:43:19 | [WARNING] | Стороны должны быть положительными: A=-5.0, B=5.0, C=5.0
2026-09-30 09:43:26 | [INFO   ] | Успешный запрос: стороны A=0.1, B=0.2, C=0.3, тип='разносторонний', координаты=[(0, 0), (0, 0), (0, 0)]
2026-09-30 09:46:25 | [INFO   ] | Приложение запущено
2026-09-30 09:46:25 | [INFO   ] | Успешный запрос: стороны A=10.0, B=10.0, C=10.0, тип='равносторонний', координаты=[(0, 0), (10, 0), (5, 9)]
2026-09-30 09:46:25 | [INFO   ] | Успешный запрос: стороны A=3.0, B=4.0, C=5.0, тип='разносторонний', координаты=[(0, 0), (5, 0), (2, 2)]
2026-09-30 09:46:25 | [INFO   ] | Успешный запрос: стороны A=5.0, B=8.0, C=5.0, тип='равнобедренный', координаты=[(0, 0), (5, 0), (-1, 5)]
2026-09-30 09:46:25 | [ERROR  ] | Невалидные данные: A='5', B='abc', C='5'
2026-09-30 09:46:25 | [WARNING] | Нарушено неравенство треугольника: A=1.0, B=1.0, C=3.0
2026-09-30 09:46:25 | [WARNING] | Стороны должны быть положительными: A=-5.0, B=5.0, C=5.0
2026-09-30 09:46:31 | [WARNING] | Нарушено неравенство треугольника: A=0.1, B=0.2, C=0.3
2026-09-30 09:46:43 | [WARNING] | Нарушено неравенство треугольника: A=0.1, B=0.1, C=0.3
2026-09-30 09:47:01 | [WARNING] | Нарушено неравенство треугольника: A=0.3, B=0.3, C=0.1
2026-09-30 09:47:14 | [INFO   ] | Успешный запрос: стороны A=0.5, B=0.5, C=0.2, тип='равнобедренный', координаты=[(0, 0), (0, 0), (0, 0)]
2026-09-30 09:47:28 | [INFO   ] | Завершение работы по команде 
2026-09-30 09:48:17 | [INFO   ] | Приложение запущено
2026-09-30 09:48:17 | [INFO   ] | Успешный запрос: стороны A=10.0, B=10.0, C=10.0, тип='равносторонний', координаты=[(0, 0), (10, 0), (5, 9)]
2026-09-30 09:48:17 | [INFO   ] | Успешный запрос: стороны A=3.0, B=4.0, C=5.0, тип='разносторонний', координаты=[(0, 0), (5, 0), (2, 2)]
2026-09-30 09:48:17 | [INFO   ] | Успешный запрос: стороны A=5.0, B=8.0, C=5.0, тип='равнобедренный', координаты=[(0, 0), (5, 0), (-1, 5)]
2026-09-30 09:48:17 | [ERROR  ] | Невалидные данные: A='5', B='abc', C='5'
2026-09-30 09:48:17 | [WARNING] | Нарушено неравенство треугольника: A=1.0, B=1.0, C=3.0
2026-09-30 09:48:17 | [WARNING] | Стороны должны быть положительными: A=-5.0, B=5.0, C=5.0
2026-09-30 09:48:24 | [ERROR  ] | Невалидные данные: A='0,5', B='0,5', C='0,2'
2026-09-30 09:48:32 | [INFO   ] | Приложение запущено
2026-09-30 09:48:32 | [INFO   ] | Успешный запрос: стороны A=10.0, B=10.0, C=10.0, тип='равносторонний', координаты=[(0, 0), (10, 0), (5, 9)]
2026-09-30 09:48:32 | [INFO   ] | Успешный запрос: стороны A=3.0, B=4.0, C=5.0, тип='разносторонний', координаты=[(0, 0), (5, 0), (2, 2)]
2026-09-30 09:48:32 | [INFO   ] | Успешный запрос: стороны A=5.0, B=8.0, C=5.0, тип='равнобедренный', координаты=[(0, 0), (5, 0), (-1, 5)]
2026-09-30 09:48:32 | [ERROR  ] | Невалидные данные: A='5', B='abc', C='5'
2026-09-30 09:48:32 | [WARNING] | Нарушено неравенство треугольника: A=1.0, B=1.0, C=3.0
2026-09-30 09:48:32 | [WARNING] | Стороны должны быть положительными: A=-5.0, B=5.0, C=5.0
2026-09-30 09:48:37 | [INFO   ] | Успешный запрос: стороны A=0.5, B=0.5, C=0.2, тип='равнобедренный', координаты=[(0, 0), (0, 0), (0, 0)]
2026-09-30 09:48:42 | [WARNING] | Нарушено неравенство треугольника: A=0.1, B=0.2, C=0.3
2026-09-30 10:01:50 | [INFO   ] | Успешный запрос: стороны A=10.0, B=10.0, C=10.0, тип='равносторонний', координаты=[(0, 0), (10, 0), (5, 9)]
2026-09-30 10:02:01 | [INFO   ] | Успешный запрос: стороны A=5.0, B=5.0, C=5.0, тип='равносторонний', координаты=[(0, 0), (5, 0), (2, 4)]
2026-09-30 10:02:09 | [INFO   ] | Успешный запрос: стороны A=5.0, B=5.0, C=2.0, тип='равнобедренный', координаты=[(0, 0), (2, 0), (1, 5)]
2026-09-30 10:02:16 | [INFO   ] | Успешный запрос: стороны A=2.0, B=4.0, C=5.0, тип='разносторонний', координаты=[(0, 0), (5, 0), (1, 2)]
2026-09-30 10:02:21 | [ERROR  ] | Невалидные данные: A='к', B='е', C='р'
2026-09-30 10:02:35 | [WARNING] | Нарушено неравенство треугольника: A=0.1, B=0.5, C=0.6
